%!Adobe-FontList 1.19
%Locale:0x409

%BeginFont
Handler:DirectoryHandler
FontType:Type1
FontName:FuturaBT-Book
FamilyName:FuturaBT
StyleName:Book
MenuName:FuturaBT Book
StyleBits:0
WeightClass:400
WidthClass:5
AngleClass:0
FullName:FuturaBT Book
WritingScript:Roman
OutlineFileName:\Bitstream - FuturaBT Book.otf
DataFormat:sfntData
UsesStandardEncoding:yes
isCFF:yes
hasSVG:no
VariableFontType:NonVariableFont
FileLength:58788
FileModTime:1478783800
NameArray:0,Mac,4,FuturaBT Book
NameArray:0,Win,1,FuturaBT Book
NameArray:0,Win,16,FuturaBT
%EndFont

%BeginFont
Handler:DirectoryHandler
FontType:Type1
FontName:FilosofiaLiningOT
FamilyName:Filosofia
StyleName:Reg Lining
MenuName:Filosofia Lining OT
StyleBits:0
WeightClass:400
WidthClass:5
AngleClass:0
FullName:Filosofia Lining OT
WritingScript:Roman
OutlineFileName:\Emigre - Filosofia Lining OT.otf
DataFormat:sfntData
UsesStandardEncoding:yes
isCFF:yes
hasSVG:no
VariableFontType:NonVariableFont
FileLength:42564
FileModTime:1470929542
NameArray:0,Mac,4,Filosofia Lining OT
NameArray:0,Win,1,Filosofia Lining OT
NameArray:0,Win,16,Filosofia
%EndFont

%BeginFont
Handler:DirectoryHandler
FontType:Type1
FontName:MinionPro-Regular
FamilyName:Minion Pro
StyleName:Regular
MenuName:Minion Pro
StyleBits:0
WeightClass:400
WidthClass:5
AngleClass:0
FullName:Minion Pro
WritingScript:Roman
OutlineFileName:\MinionPro-Regular.otf
DataFormat:sfntData
UsesStandardEncoding:yes
isCFF:yes
hasSVG:no
VariableFontType:NonVariableFont
FileLength:218640
FileModTime:1500301499
DesignSize:110
NameArray:0,Mac,4,Minion Pro
NameArray:0,Win,1,Minion Pro
%EndFont

